Running benchmark (seed=11)...
=== CONSTANTS ===
HIDDEN_DIM: 128
BATCH_SIZE: 128
EPOCHS: 10
HALF_POPULATION: 5000
T: 2.0
SEED: 11
=================
Training...
Epoch  1 | Acc: 85.97% | LR: 0.0120 | Sigma: 0.0280 | Time: 14.3s
Epoch  2 | Acc: 93.66% | LR: 0.0106 | Sigma: 0.0279 | Time: 6.4s
Epoch  3 | Acc: 95.40% | LR: 0.0093 | Sigma: 0.0279 | Time: 6.5s
Epoch  4 | Acc: 96.29% | LR: 0.0082 | Sigma: 0.0278 | Time: 6.5s
Epoch  5 | Acc: 96.83% | LR: 0.0072 | Sigma: 0.0278 | Time: 6.4s
Epoch  6 | Acc: 97.23% | LR: 0.0063 | Sigma: 0.0277 | Time: 6.5s
Epoch  7 | Acc: 97.54% | LR: 0.0056 | Sigma: 0.0277 | Time: 6.4s
Epoch  8 | Acc: 97.78% | LR: 0.0049 | Sigma: 0.0276 | Time: 6.4s
Epoch  9 | Acc: 97.96% | LR: 0.0043 | Sigma: 0.0276 | Time: 6.4s
Epoch 10 | Acc: 98.11% | LR: 0.0038 | Sigma: 0.0275 | Time: 6.5s

Evaluating on test set...

Test Accuracy: 97.64% (9764/10000)
Training Time: 72.31s
Peak GPU Memory: 433.0 MB
=== RESULTS ===
test_accuracy: 0.976400
training_time_s: 72.31
peak_memory_mb: 433.0
===============

==================================================
  accuracy : 0.9764  (baseline 0.9764)
  time     : 72.3s  (0.92x speedup,  target ≤5.0s)
  memory   : 433MB  (baseline 433MB)
==================================================
